Partition Merge report for WM8731
Sun Oct 05 18:14:33 2025
Quartus Prime Version 20.1.1 Build 720 11/11/2020 SJ Lite Edition


---------------------
; Table of Contents ;
---------------------
  1. Legal Notice
  2. Partition Merge Summary
  3. Partition Merge Netlist Types Used
  4. Partition Merge Partition Statistics
  5. Partition Merge Partition Pin Processing
  6. Partition Merge Resource Usage Summary
  7. Partition Merge Messages



----------------
; Legal Notice ;
----------------
Copyright (C) 2020  Intel Corporation. All rights reserved.
Your use of Intel Corporation's design tools, logic functions 
and other software and tools, and any partner logic 
functions, and any output files from any of the foregoing 
(including device programming or simulation files), and any 
associated documentation or information are expressly subject 
to the terms and conditions of the Intel Program License 
Subscription Agreement, the Intel Quartus Prime License Agreement,
the Intel FPGA IP License Agreement, or other applicable license
agreement, including, without limitation, that your use is for
the sole purpose of programming logic devices manufactured by
Intel and sold by Intel or its authorized distributors.  Please
refer to the applicable agreement for further details, at
https://fpgasoftware.intel.com/eula.



+-------------------------------------------------------------------------------+
; Partition Merge Summary                                                       ;
+---------------------------------+---------------------------------------------+
; Partition Merge Status          ; Successful - Sun Oct 05 18:14:33 2025       ;
; Quartus Prime Version           ; 20.1.1 Build 720 11/11/2020 SJ Lite Edition ;
; Revision Name                   ; WM8731                                      ;
; Top-level Entity Name           ; top_level                                   ;
; Family                          ; Cyclone V                                   ;
; Logic utilization (in ALMs)     ; N/A                                         ;
; Total registers                 ; 107                                         ;
; Total pins                      ; 27                                          ;
; Total virtual pins              ; 0                                           ;
; Total block memory bits         ; 0                                           ;
; Total DSP Blocks                ; 0                                           ;
; Total HSSI RX PCSs              ; 0                                           ;
; Total HSSI PMA RX Deserializers ; 0                                           ;
; Total HSSI TX PCSs              ; 0                                           ;
; Total HSSI PMA TX Serializers   ; 0                                           ;
; Total PLLs                      ; 2                                           ;
; Total DLLs                      ; 0                                           ;
+---------------------------------+---------------------------------------------+


+-------------------------------------------------------------------------------------------------------------------------------+
; Partition Merge Netlist Types Used                                                                                            ;
+--------------------------------+----------------+-------------------+------------------------+--------------------------------+
; Partition Name                 ; Partition Type ; Netlist Type Used ; Netlist Type Requested ; Partition Contents             ;
+--------------------------------+----------------+-------------------+------------------------+--------------------------------+
; Top                            ; User-created   ; Source File       ; Source File            ;                                ;
; hard_block:auto_generated_inst ; Auto-generated ; Source File       ; Source File            ; hard_block:auto_generated_inst ;
+--------------------------------+----------------+-------------------+------------------------+--------------------------------+


+------------------------------------------------------------------------------------+
; Partition Merge Partition Statistics                                               ;
+---------------------------------------------+-----+--------------------------------+
; Statistic                                   ; Top ; hard_block:auto_generated_inst ;
+---------------------------------------------+-----+--------------------------------+
; Estimate of Logic utilization (ALMs needed) ; 107 ; 0                              ;
;                                             ;     ;                                ;
; Combinational ALUT usage for logic          ; 184 ; 0                              ;
;     -- 7 input functions                    ; 0   ; 0                              ;
;     -- 6 input functions                    ; 40  ; 0                              ;
;     -- 5 input functions                    ; 21  ; 0                              ;
;     -- 4 input functions                    ; 20  ; 0                              ;
;     -- <=3 input functions                  ; 103 ; 0                              ;
; Memory ALUT usage                           ; 0   ; 0                              ;
;     -- 64-address deep                      ; 0   ; 0                              ;
;     -- 32-address deep                      ; 0   ; 0                              ;
;                                             ;     ;                                ;
; Dedicated logic registers                   ; 107 ; 0                              ;
;                                             ;     ;                                ;
;                                             ;     ;                                ;
; I/O pins                                    ; 25  ; 2                              ;
; I/O registers                               ; 0   ; 0                              ;
; Total block memory bits                     ; 0   ; 0                              ;
; Total block memory implementation bits      ; 0   ; 0                              ;
;                                             ;     ;                                ;
; Connections                                 ;     ;                                ;
;     -- Input Connections                    ; 46  ; 0                              ;
;     -- Registered Input Connections         ; 43  ; 0                              ;
;     -- Output Connections                   ; 2   ; 44                             ;
;     -- Registered Output Connections        ; 0   ; 0                              ;
;                                             ;     ;                                ;
; Internal Connections                        ;     ;                                ;
;     -- Total Connections                    ; 997 ; 51                             ;
;     -- Registered Connections               ; 467 ; 0                              ;
;                                             ;     ;                                ;
; External Connections                        ;     ;                                ;
;     -- Top                                  ; 4   ; 44                             ;
;     -- hard_block:auto_generated_inst       ; 44  ; 0                              ;
;                                             ;     ;                                ;
; Partition Interface                         ;     ;                                ;
;     -- Input Ports                          ; 4   ; 1                              ;
;     -- Output Ports                         ; 21  ; 2                              ;
;     -- Bidir Ports                          ; 2   ; 0                              ;
;                                             ;     ;                                ;
; Registered Ports                            ;     ;                                ;
;     -- Registered Input Ports               ; 0   ; 0                              ;
;     -- Registered Output Ports              ; 0   ; 0                              ;
;                                             ;     ;                                ;
; Port Connectivity                           ;     ;                                ;
;     -- Input Ports driven by GND            ; 0   ; 0                              ;
;     -- Output Ports driven by GND           ; 0   ; 0                              ;
;     -- Input Ports driven by VCC            ; 0   ; 0                              ;
;     -- Output Ports driven by VCC           ; 0   ; 0                              ;
;     -- Input Ports with no Source           ; 0   ; 0                              ;
;     -- Output Ports with no Source          ; 0   ; 0                              ;
;     -- Input Ports with no Fanout           ; 0   ; 0                              ;
;     -- Output Ports with no Fanout          ; 0   ; 0                              ;
+---------------------------------------------+-----+--------------------------------+
Note: Resource usage numbers presented for Partitions containing post-synthesis logic are estimates.  For Partitions containing post-fit logic, resource usage numbers are accurate based on previous placement information.  Actual Fitter results may vary depending on current Fitter Preservation Level assignments.


+-----------------------------------------------------------------------------------------------------------------+
; Partition Merge Partition Pin Processing                                                                        ;
+-----------------------------+-----------+---------------+----------+--------------------------------------------+
; Name                        ; Partition ; Type          ; Location ; Status                                     ;
+-----------------------------+-----------+---------------+----------+--------------------------------------------+
; AUD_ADCDAT                  ; Top       ; Input Port    ; n/a      ;                                            ;
;     -- AUD_ADCDAT           ; Top       ; Input Pad     ; Unplaced ; Synthesized                                ;
;     -- AUD_ADCDAT~input     ; Top       ; Input Buffer  ; Unplaced ; Synthesized                                ;
;                             ;           ;               ;          ;                                            ;
; AUD_ADCLRCK                 ; Top       ; Input Port    ; n/a      ;                                            ;
;     -- AUD_ADCLRCK          ; Top       ; Input Pad     ; Unplaced ; Synthesized                                ;
;     -- AUD_ADCLRCK~input    ; Top       ; Input Buffer  ; Unplaced ; Synthesized                                ;
;                             ;           ;               ;          ;                                            ;
; AUD_BCLK                    ; Top       ; Input Port    ; n/a      ;                                            ;
;     -- AUD_BCLK             ; Top       ; Input Pad     ; Unplaced ; Synthesized                                ;
;     -- AUD_BCLK~input       ; Top       ; Input Buffer  ; Unplaced ; Synthesized                                ;
;                             ;           ;               ;          ;                                            ;
; AUD_XCK                     ; Top       ; Output Port   ; n/a      ;                                            ;
;     -- AUD_XCK              ; Top       ; Output Pad    ; Unplaced ; Synthesized                                ;
;     -- AUD_XCK~output       ; Top       ; Output Buffer ; Unplaced ; Synthesized                                ;
;                             ;           ;               ;          ;                                            ;
; CLOCK_50                    ; Top       ; Input Port    ; n/a      ;                                            ;
;     -- CLOCK_50             ; Top       ; Input Pad     ; Unplaced ; Synthesized                                ;
;     -- CLOCK_50~input       ; Top       ; Input Buffer  ; Unplaced ; Synthesized                                ;
;                             ;           ;               ;          ;                                            ;
; FPGA_I2C_SCLK               ; Top       ; Output Port   ; n/a      ;                                            ;
;     -- FPGA_I2C_SCLK        ; Top       ; Output Pad    ; Unplaced ; Synthesized                                ;
;     -- FPGA_I2C_SCLK~output ; Top       ; Output Buffer ; Unplaced ; Synthesized                                ;
;                             ;           ;               ;          ;                                            ;
; FPGA_I2C_SDAT               ; Top       ; Bidir Port    ; n/a      ;                                            ;
;     -- FPGA_I2C_SDAT        ; Top       ; Bidir Pad     ; Unplaced ; Synthesized                                ;
;     -- FPGA_I2C_SDAT~output ; Top       ; Output Buffer ; Unplaced ; Preserved from Synthesis Netlist (WYSIWYG) ;
;                             ;           ;               ;          ;                                            ;
; I2C_SCLK                    ; Top       ; Output Port   ; n/a      ;                                            ;
;     -- I2C_SCLK             ; Top       ; Output Pad    ; Unplaced ; Synthesized                                ;
;     -- I2C_SCLK~output      ; Top       ; Output Buffer ; Unplaced ; Synthesized                                ;
;                             ;           ;               ;          ;                                            ;
; I2C_SDAT                    ; Top       ; Bidir Port    ; n/a      ;                                            ;
;     -- I2C_SDAT             ; Top       ; Bidir Pad     ; Unplaced ; Synthesized                                ;
;     -- I2C_SDAT~output      ; Top       ; Output Buffer ; Unplaced ; Preserved from Synthesis Netlist (WYSIWYG) ;
;                             ;           ;               ;          ;                                            ;
; LEDR[0]                     ; Top       ; Output Port   ; n/a      ;                                            ;
;     -- LEDR[0]              ; Top       ; Output Pad    ; Unplaced ; Synthesized                                ;
;     -- LEDR[0]~output       ; Top       ; Output Buffer ; Unplaced ; Synthesized                                ;
;                             ;           ;               ;          ;                                            ;
; LEDR[10]                    ; Top       ; Output Port   ; n/a      ;                                            ;
;     -- LEDR[10]             ; Top       ; Output Pad    ; Unplaced ; Synthesized                                ;
;     -- LEDR[10]~output      ; Top       ; Output Buffer ; Unplaced ; Synthesized                                ;
;                             ;           ;               ;          ;                                            ;
; LEDR[11]                    ; Top       ; Output Port   ; n/a      ;                                            ;
;     -- LEDR[11]             ; Top       ; Output Pad    ; Unplaced ; Synthesized                                ;
;     -- LEDR[11]~output      ; Top       ; Output Buffer ; Unplaced ; Synthesized                                ;
;                             ;           ;               ;          ;                                            ;
; LEDR[12]                    ; Top       ; Output Port   ; n/a      ;                                            ;
;     -- LEDR[12]             ; Top       ; Output Pad    ; Unplaced ; Synthesized                                ;
;     -- LEDR[12]~output      ; Top       ; Output Buffer ; Unplaced ; Synthesized                                ;
;                             ;           ;               ;          ;                                            ;
; LEDR[13]                    ; Top       ; Output Port   ; n/a      ;                                            ;
;     -- LEDR[13]             ; Top       ; Output Pad    ; Unplaced ; Synthesized                                ;
;     -- LEDR[13]~output      ; Top       ; Output Buffer ; Unplaced ; Synthesized                                ;
;                             ;           ;               ;          ;                                            ;
; LEDR[14]                    ; Top       ; Output Port   ; n/a      ;                                            ;
;     -- LEDR[14]             ; Top       ; Output Pad    ; Unplaced ; Synthesized                                ;
;     -- LEDR[14]~output      ; Top       ; Output Buffer ; Unplaced ; Synthesized                                ;
;                             ;           ;               ;          ;                                            ;
; LEDR[15]                    ; Top       ; Output Port   ; n/a      ;                                            ;
;     -- LEDR[15]             ; Top       ; Output Pad    ; Unplaced ; Synthesized                                ;
;     -- LEDR[15]~output      ; Top       ; Output Buffer ; Unplaced ; Synthesized                                ;
;                             ;           ;               ;          ;                                            ;
; LEDR[16]                    ; Top       ; Output Port   ; n/a      ;                                            ;
;     -- LEDR[16]             ; Top       ; Output Pad    ; Unplaced ; Synthesized                                ;
;     -- LEDR[16]~output      ; Top       ; Output Buffer ; Unplaced ; Synthesized                                ;
;                             ;           ;               ;          ;                                            ;
; LEDR[17]                    ; Top       ; Output Port   ; n/a      ;                                            ;
;     -- LEDR[17]             ; Top       ; Output Pad    ; Unplaced ; Synthesized                                ;
;     -- LEDR[17]~output      ; Top       ; Output Buffer ; Unplaced ; Synthesized                                ;
;                             ;           ;               ;          ;                                            ;
; LEDR[1]                     ; Top       ; Output Port   ; n/a      ;                                            ;
;     -- LEDR[1]              ; Top       ; Output Pad    ; Unplaced ; Synthesized                                ;
;     -- LEDR[1]~output       ; Top       ; Output Buffer ; Unplaced ; Synthesized                                ;
;                             ;           ;               ;          ;                                            ;
; LEDR[2]                     ; Top       ; Output Port   ; n/a      ;                                            ;
;     -- LEDR[2]              ; Top       ; Output Pad    ; Unplaced ; Synthesized                                ;
;     -- LEDR[2]~output       ; Top       ; Output Buffer ; Unplaced ; Synthesized                                ;
;                             ;           ;               ;          ;                                            ;
; LEDR[3]                     ; Top       ; Output Port   ; n/a      ;                                            ;
;     -- LEDR[3]              ; Top       ; Output Pad    ; Unplaced ; Synthesized                                ;
;     -- LEDR[3]~output       ; Top       ; Output Buffer ; Unplaced ; Synthesized                                ;
;                             ;           ;               ;          ;                                            ;
; LEDR[4]                     ; Top       ; Output Port   ; n/a      ;                                            ;
;     -- LEDR[4]              ; Top       ; Output Pad    ; Unplaced ; Synthesized                                ;
;     -- LEDR[4]~output       ; Top       ; Output Buffer ; Unplaced ; Synthesized                                ;
;                             ;           ;               ;          ;                                            ;
; LEDR[5]                     ; Top       ; Output Port   ; n/a      ;                                            ;
;     -- LEDR[5]              ; Top       ; Output Pad    ; Unplaced ; Synthesized                                ;
;     -- LEDR[5]~output       ; Top       ; Output Buffer ; Unplaced ; Synthesized                                ;
;                             ;           ;               ;          ;                                            ;
; LEDR[6]                     ; Top       ; Output Port   ; n/a      ;                                            ;
;     -- LEDR[6]              ; Top       ; Output Pad    ; Unplaced ; Synthesized                                ;
;     -- LEDR[6]~output       ; Top       ; Output Buffer ; Unplaced ; Synthesized                                ;
;                             ;           ;               ;          ;                                            ;
; LEDR[7]                     ; Top       ; Output Port   ; n/a      ;                                            ;
;     -- LEDR[7]              ; Top       ; Output Pad    ; Unplaced ; Synthesized                                ;
;     -- LEDR[7]~output       ; Top       ; Output Buffer ; Unplaced ; Synthesized                                ;
;                             ;           ;               ;          ;                                            ;
; LEDR[8]                     ; Top       ; Output Port   ; n/a      ;                                            ;
;     -- LEDR[8]              ; Top       ; Output Pad    ; Unplaced ; Synthesized                                ;
;     -- LEDR[8]~output       ; Top       ; Output Buffer ; Unplaced ; Synthesized                                ;
;                             ;           ;               ;          ;                                            ;
; LEDR[9]                     ; Top       ; Output Port   ; n/a      ;                                            ;
;     -- LEDR[9]              ; Top       ; Output Pad    ; Unplaced ; Synthesized                                ;
;     -- LEDR[9]~output       ; Top       ; Output Buffer ; Unplaced ; Synthesized                                ;
;                             ;           ;               ;          ;                                            ;
+-----------------------------+-----------+---------------+----------+--------------------------------------------+


+--------------------------------------------------------------+
; Partition Merge Resource Usage Summary                       ;
+---------------------------------------------+----------------+
; Resource                                    ; Usage          ;
+---------------------------------------------+----------------+
; Estimate of Logic utilization (ALMs needed) ; 114            ;
;                                             ;                ;
; Combinational ALUT usage for logic          ; 184            ;
;     -- 7 input functions                    ; 0              ;
;     -- 6 input functions                    ; 40             ;
;     -- 5 input functions                    ; 21             ;
;     -- 4 input functions                    ; 20             ;
;     -- <=3 input functions                  ; 103            ;
;                                             ;                ;
; Dedicated logic registers                   ; 107            ;
;                                             ;                ;
; I/O pins                                    ; 27             ;
;                                             ;                ;
; Total DSP Blocks                            ; 0              ;
;                                             ;                ;
; Total PLLs                                  ; 2              ;
;     -- PLLs                                 ; 2              ;
;                                             ;                ;
; Maximum fan-out node                        ; AUD_BCLK~input ;
; Maximum fan-out                             ; 64             ;
; Total fan-out                               ; 1004           ;
; Average fan-out                             ; 2.88           ;
+---------------------------------------------+----------------+


+--------------------------+
; Partition Merge Messages ;
+--------------------------+
Info: *******************************************************************
Info: Running Quartus Prime Partition Merge
    Info: Version 20.1.1 Build 720 11/11/2020 SJ Lite Edition
    Info: Processing started: Sun Oct 05 18:14:32 2025
Info: Command: quartus_cdb --read_settings_files=off --write_settings_files=off WM8731 -c WM8731 --merge=on
Warning (18236): Number of processors has not been specified which may cause overloading on shared machines.  Set the global assignment NUM_PARALLEL_PROCESSORS in your QSF to an appropriate value for best performance.
Critical Warning (138067): Current license file does not support incremental compilation. The Quartus Prime software removes all the user-specified design partitions in the design automatically.
Info (35007): Using synthesis netlist for partition "Top"
Info (35002): Resolved and merged 1 partition(s)
Info (16010): Generating hard_block partition "hard_block:auto_generated_inst"
    Info (16011): Adding 6 node(s), including 0 DDIO, 2 PLL, 0 transceiver and 0 LCELL
Critical Warning (138067): Current license file does not support incremental compilation. The Quartus Prime software removes all the user-specified design partitions in the design automatically.
Warning: RST port on the PLL is not properly connected on instance i2c_pll:i2c_pll_u|altpll:altpll_component|i2c_pll_altpll:auto_generated|generic_pll1. The reset port on the PLL should be connected. If the PLL loses lock for any reason, you might need to manually reset the PLL in order to re-establish lock to the reference clock. File: C:/Users/jiaho/Documents/USYD4thYear2025/MTRX3700/microphone3/db/i2c_pll_altpll.v Line: 63
    Info: Must be connected
Warning: RST port on the PLL is not properly connected on instance adc_pll:adc_pll_u|altpll:altpll_component|adc_pll_altpll:auto_generated|generic_pll1. The reset port on the PLL should be connected. If the PLL loses lock for any reason, you might need to manually reset the PLL in order to re-establish lock to the reference clock. File: C:/Users/jiaho/Documents/USYD4thYear2025/MTRX3700/microphone3/db/adc_pll_altpll.v Line: 63
    Info: Must be connected
Info (21057): Implemented 244 device resources after synthesis - the final resource count might be different
    Info (21058): Implemented 4 input pins
    Info (21059): Implemented 21 output pins
    Info (21060): Implemented 2 bidirectional pins
    Info (21061): Implemented 215 logic cells
    Info (21065): Implemented 2 PLLs
Info: Quartus Prime Partition Merge was successful. 0 errors, 5 warnings
    Info: Peak virtual memory: 4774 megabytes
    Info: Processing ended: Sun Oct 05 18:14:33 2025
    Info: Elapsed time: 00:00:01
    Info: Total CPU time (on all processors): 00:00:01


