------------------------------------------------------------
Timing Analyzer Summary
------------------------------------------------------------

Type  : Slow 1100mV 85C Model Setup 'CLOCK_50'
Slack : 17.189
TNS   : 0.000

Type  : Slow 1100mV 85C Model Setup 'AUD_BCLK'
Slack : 322.202
TNS   : 0.000

Type  : Slow 1100mV 85C Model Hold 'CLOCK_50'
Slack : 0.203
TNS   : 0.000

Type  : Slow 1100mV 85C Model Hold 'AUD_BCLK'
Slack : 0.293
TNS   : 0.000

Type  : Slow 1100mV 85C Model Minimum Pulse Width 'CLOCK_50'
Slack : 9.259
TNS   : 0.000

Type  : Slow 1100mV 85C Model Minimum Pulse Width 'AUD_BCLK'
Slack : 161.910
TNS   : 0.000

Type  : Slow 1100mV 0C Model Setup 'CLOCK_50'
Slack : 17.204
TNS   : 0.000

Type  : Slow 1100mV 0C Model Setup 'AUD_BCLK'
Slack : 322.220
TNS   : 0.000

Type  : Slow 1100mV 0C Model Hold 'CLOCK_50'
Slack : 0.192
TNS   : 0.000

Type  : Slow 1100mV 0C Model Hold 'AUD_BCLK'
Slack : 0.263
TNS   : 0.000

Type  : Slow 1100mV 0C Model Minimum Pulse Width 'CLOCK_50'
Slack : 9.308
TNS   : 0.000

Type  : Slow 1100mV 0C Model Minimum Pulse Width 'AUD_BCLK'
Slack : 161.910
TNS   : 0.000

Type  : Fast 1100mV 85C Model Setup 'CLOCK_50'
Slack : 18.348
TNS   : 0.000

Type  : Fast 1100mV 85C Model Setup 'AUD_BCLK'
Slack : 323.619
TNS   : 0.000

Type  : Fast 1100mV 85C Model Hold 'CLOCK_50'
Slack : 0.125
TNS   : 0.000

Type  : Fast 1100mV 85C Model Hold 'AUD_BCLK'
Slack : 0.168
TNS   : 0.000

Type  : Fast 1100mV 85C Model Minimum Pulse Width 'CLOCK_50'
Slack : 9.137
TNS   : 0.000

Type  : Fast 1100mV 85C Model Minimum Pulse Width 'AUD_BCLK'
Slack : 161.725
TNS   : 0.000

Type  : Fast 1100mV 0C Model Setup 'CLOCK_50'
Slack : 18.486
TNS   : 0.000

Type  : Fast 1100mV 0C Model Setup 'AUD_BCLK'
Slack : 323.755
TNS   : 0.000

Type  : Fast 1100mV 0C Model Hold 'CLOCK_50'
Slack : 0.114
TNS   : 0.000

Type  : Fast 1100mV 0C Model Hold 'AUD_BCLK'
Slack : 0.152
TNS   : 0.000

Type  : Fast 1100mV 0C Model Minimum Pulse Width 'CLOCK_50'
Slack : 9.099
TNS   : 0.000

Type  : Fast 1100mV 0C Model Minimum Pulse Width 'AUD_BCLK'
Slack : 161.675
TNS   : 0.000

------------------------------------------------------------
